Performing C SOURCE FILE Test CMAKE_HAVE_LIBC_PTHREAD failed with the following output:
Change Dir: /home/andtokm/DiskS/ProjectsUbuntu/CppProjects/cmake-build-release-gcc13/CMakeFiles/CMakeScratch/TryCompile-6YtJmj

Run Build Command(s):/usr/bin/make -f Makefile cmTC_eb86f/fast && /usr/bin/make  -f CMakeFiles/cmTC_eb86f.dir/build.make CMakeFiles/cmTC_eb86f.dir/build
make[1]: Entering directory '/home/andtokm/DiskS/ProjectsUbuntu/CppProjects/cmake-build-release-gcc13/CMakeFiles/CMakeScratch/TryCompile-6YtJmj'
Building C object CMakeFiles/cmTC_eb86f.dir/src.c.o
/home/andtokm/DiskS/Utils/bin/gcc-13.1/bin/gcc-13.1 -DCMAKE_HAVE_LIBC_PTHREAD  -fdiagnostics-color=always -o CMakeFiles/cmTC_eb86f.dir/src.c.o -c /home/andtokm/DiskS/ProjectsUbuntu/CppProjects/cmake-build-release-gcc13/CMakeFiles/CMakeScratch/TryCompile-6YtJmj/src.c
Linking C executable cmTC_eb86f
/snap/clion/235/bin/cmake/linux/x64/bin/cmake -E cmake_link_script CMakeFiles/cmTC_eb86f.dir/link.txt --verbose=1
/home/andtokm/DiskS/Utils/bin/gcc-13.1/bin/gcc-13.1 CMakeFiles/cmTC_eb86f.dir/src.c.o -o cmTC_eb86f 
/usr/bin/ld: CMakeFiles/cmTC_eb86f.dir/src.c.o: in function `main':
src.c:(.text+0x2d): undefined reference to `pthread_create'
/usr/bin/ld: src.c:(.text+0x39): undefined reference to `pthread_detach'
/usr/bin/ld: src.c:(.text+0x45): undefined reference to `pthread_cancel'
/usr/bin/ld: src.c:(.text+0x56): undefined reference to `pthread_join'
collect2: error: ld returned 1 exit status
make[1]: *** [CMakeFiles/cmTC_eb86f.dir/build.make:99: cmTC_eb86f] Error 1
make[1]: Leaving directory '/home/andtokm/DiskS/ProjectsUbuntu/CppProjects/cmake-build-release-gcc13/CMakeFiles/CMakeScratch/TryCompile-6YtJmj'
make: *** [Makefile:127: cmTC_eb86f/fast] Error 2


Source file was:
#include <pthread.h>

static void* test_func(void* data)
{
  return data;
}

int main(void)
{
  pthread_t thread;
  pthread_create(&thread, NULL, test_func, NULL);
  pthread_detach(thread);
  pthread_cancel(thread);
  pthread_join(thread, NULL);
  pthread_atfork(NULL, NULL, NULL);
  pthread_exit(NULL);

  return 0;
}


Determining if the function pthread_create exists in the pthreads failed with the following output:
Change Dir: /home/andtokm/DiskS/ProjectsUbuntu/CppProjects/cmake-build-release-gcc13/CMakeFiles/CMakeScratch/TryCompile-uOJcak

Run Build Command(s):/usr/bin/make -f Makefile cmTC_900e0/fast && /usr/bin/make  -f CMakeFiles/cmTC_900e0.dir/build.make CMakeFiles/cmTC_900e0.dir/build
make[1]: Entering directory '/home/andtokm/DiskS/ProjectsUbuntu/CppProjects/cmake-build-release-gcc13/CMakeFiles/CMakeScratch/TryCompile-uOJcak'
Building C object CMakeFiles/cmTC_900e0.dir/CheckFunctionExists.c.o
/home/andtokm/DiskS/Utils/bin/gcc-13.1/bin/gcc-13.1   -DCHECK_FUNCTION_EXISTS=pthread_create -fdiagnostics-color=always -o CMakeFiles/cmTC_900e0.dir/CheckFunctionExists.c.o -c /home/andtokm/DiskS/ProjectsUbuntu/CppProjects/cmake-build-release-gcc13/CMakeFiles/CMakeScratch/TryCompile-uOJcak/CheckFunctionExists.c
Linking C executable cmTC_900e0
/snap/clion/235/bin/cmake/linux/x64/bin/cmake -E cmake_link_script CMakeFiles/cmTC_900e0.dir/link.txt --verbose=1
/home/andtokm/DiskS/Utils/bin/gcc-13.1/bin/gcc-13.1  -DCHECK_FUNCTION_EXISTS=pthread_create CMakeFiles/cmTC_900e0.dir/CheckFunctionExists.c.o -o cmTC_900e0  -lpthreads 
/usr/bin/ld: cannot find -lpthreads
collect2: error: ld returned 1 exit status
make[1]: *** [CMakeFiles/cmTC_900e0.dir/build.make:99: cmTC_900e0] Error 1
make[1]: Leaving directory '/home/andtokm/DiskS/ProjectsUbuntu/CppProjects/cmake-build-release-gcc13/CMakeFiles/CMakeScratch/TryCompile-uOJcak'
make: *** [Makefile:127: cmTC_900e0/fast] Error 2



