The system is: Linux - 5.15.0-71-generic - x86_64
Compiling the C compiler identification source file "CMakeCCompilerId.c" succeeded.
Compiler: /home/andtokm/DiskS/Utils/bin/gcc-13.1/bin/gcc-13.1 
Build flags: 
Id flags:  

The output was:
0


Compilation of the C compiler identification source "CMakeCCompilerId.c" produced "a.out"

The C compiler identification is GNU, found in "/home/andtokm/DiskS/ProjectsUbuntu/CppProjects/cmake-build-release-gcc13/CMakeFiles/3.25.2/CompilerIdC/a.out"

Compiling the CXX compiler identification source file "CMakeCXXCompilerId.cpp" succeeded.
Compiler: /home/andtokm/DiskS/Utils/bin/gcc-13.1/bin/c++-13.1 
Build flags: 
Id flags:  

The output was:
0


Compilation of the CXX compiler identification source "CMakeCXXCompilerId.cpp" produced "a.out"

The CXX compiler identification is GNU, found in "/home/andtokm/DiskS/ProjectsUbuntu/CppProjects/cmake-build-release-gcc13/CMakeFiles/3.25.2/CompilerIdCXX/a.out"

Detecting C compiler ABI info compiled with the following output:
Change Dir: /home/andtokm/DiskS/ProjectsUbuntu/CppProjects/cmake-build-release-gcc13/CMakeFiles/CMakeScratch/TryCompile-ih7AVi

Run Build Command(s):/usr/bin/make -f Makefile cmTC_3ad9a/fast && /usr/bin/make  -f CMakeFiles/cmTC_3ad9a.dir/build.make CMakeFiles/cmTC_3ad9a.dir/build
make[1]: Entering directory '/home/andtokm/DiskS/ProjectsUbuntu/CppProjects/cmake-build-release-gcc13/CMakeFiles/CMakeScratch/TryCompile-ih7AVi'
Building C object CMakeFiles/cmTC_3ad9a.dir/CMakeCCompilerABI.c.o
/home/andtokm/DiskS/Utils/bin/gcc-13.1/bin/gcc-13.1   -fdiagnostics-color=always   -v -o CMakeFiles/cmTC_3ad9a.dir/CMakeCCompilerABI.c.o -c /snap/clion/235/bin/cmake/linux/x64/share/cmake-3.25/Modules/CMakeCCompilerABI.c
Using built-in specs.
COLLECT_GCC=/home/andtokm/DiskS/Utils/bin/gcc-13.1/bin/gcc-13.1
Target: x86_64-linux-gnu
Configured with: ../configure -v --build=x86_64-linux-gnu --host=x86_64-linux-gnu --target=x86_64-linux-gnu --prefix=/home/andtokm/DiskS/Utils/bin/gcc-13.1 --disable-multilib --program-suffix=-13.1
Thread model: posix
Supported LTO compression algorithms: zlib
gcc version 13.1.0 (GCC) 
COLLECT_GCC_OPTIONS='-fdiagnostics-color=always' '-v' '-o' 'CMakeFiles/cmTC_3ad9a.dir/CMakeCCompilerABI.c.o' '-c' '-mtune=generic' '-march=x86-64' '-dumpdir' 'CMakeFiles/cmTC_3ad9a.dir/'
 /home/andtokm/DiskS/Utils/bin/gcc-13.1/libexec/gcc/x86_64-linux-gnu/13.1.0/cc1 -quiet -v -imultiarch x86_64-linux-gnu /snap/clion/235/bin/cmake/linux/x64/share/cmake-3.25/Modules/CMakeCCompilerABI.c -quiet -dumpdir CMakeFiles/cmTC_3ad9a.dir/ -dumpbase CMakeCCompilerABI.c.c -dumpbase-ext .c -mtune=generic -march=x86-64 -version -fdiagnostics-color=always -o /tmp/ccvt4RaG.s
GNU C17 (GCC) version 13.1.0 (x86_64-linux-gnu)
	compiled by GNU C version 13.1.0, GMP version 6.2.0, MPFR version 4.0.2, MPC version 1.1.0, isl version none
GGC heuristics: --param ggc-min-expand=100 --param ggc-min-heapsize=131072
ignoring nonexistent directory "/usr/local/include/x86_64-linux-gnu"
ignoring nonexistent directory "/home/andtokm/DiskS/Utils/bin/gcc-13.1/lib/gcc/x86_64-linux-gnu/13.1.0/../../../../x86_64-linux-gnu/include"
#include "..." search starts here:
#include <...> search starts here:
 /home/andtokm/DiskS/Utils/bin/gcc-13.1/lib/gcc/x86_64-linux-gnu/13.1.0/include
 /usr/local/include
 /home/andtokm/DiskS/Utils/bin/gcc-13.1/include
 /home/andtokm/DiskS/Utils/bin/gcc-13.1/lib/gcc/x86_64-linux-gnu/13.1.0/include-fixed/x86_64-linux-gnu
 /home/andtokm/DiskS/Utils/bin/gcc-13.1/lib/gcc/x86_64-linux-gnu/13.1.0/include-fixed
 /usr/include/x86_64-linux-gnu
 /usr/include
End of search list.
Compiler executable checksum: 012b03c6cda8e9f70b2fbb643dadfe7b
COLLECT_GCC_OPTIONS='-fdiagnostics-color=always' '-v' '-o' 'CMakeFiles/cmTC_3ad9a.dir/CMakeCCompilerABI.c.o' '-c' '-mtune=generic' '-march=x86-64' '-dumpdir' 'CMakeFiles/cmTC_3ad9a.dir/'
 as -v --64 -o CMakeFiles/cmTC_3ad9a.dir/CMakeCCompilerABI.c.o /tmp/ccvt4RaG.s
GNU assembler version 2.34 (x86_64-linux-gnu) using BFD version (GNU Binutils for Ubuntu) 2.34
COMPILER_PATH=/home/andtokm/DiskS/Utils/bin/gcc-13.1/libexec/gcc/x86_64-linux-gnu/13.1.0/:/home/andtokm/DiskS/Utils/bin/gcc-13.1/libexec/gcc/x86_64-linux-gnu/13.1.0/:/home/andtokm/DiskS/Utils/bin/gcc-13.1/libexec/gcc/x86_64-linux-gnu/:/home/andtokm/DiskS/Utils/bin/gcc-13.1/lib/gcc/x86_64-linux-gnu/13.1.0/:/home/andtokm/DiskS/Utils/bin/gcc-13.1/lib/gcc/x86_64-linux-gnu/
LIBRARY_PATH=/home/andtokm/DiskS/Utils/bin/gcc-13.1/lib/gcc/x86_64-linux-gnu/13.1.0/:/home/andtokm/DiskS/Utils/bin/gcc-13.1/lib/gcc/x86_64-linux-gnu/13.1.0/../../../../lib64/:/lib/x86_64-linux-gnu/:/lib/../lib64/:/usr/lib/x86_64-linux-gnu/:/usr/lib/../lib64/:/home/andtokm/DiskS/Utils/bin/gcc-13.1/lib/gcc/x86_64-linux-gnu/13.1.0/../../../:/lib/:/usr/lib/
COLLECT_GCC_OPTIONS='-fdiagnostics-color=always' '-v' '-o' 'CMakeFiles/cmTC_3ad9a.dir/CMakeCCompilerABI.c.o' '-c' '-mtune=generic' '-march=x86-64' '-dumpdir' 'CMakeFiles/cmTC_3ad9a.dir/CMakeCCompilerABI.c.'
Linking C executable cmTC_3ad9a
/snap/clion/235/bin/cmake/linux/x64/bin/cmake -E cmake_link_script CMakeFiles/cmTC_3ad9a.dir/link.txt --verbose=1
/home/andtokm/DiskS/Utils/bin/gcc-13.1/bin/gcc-13.1  -v CMakeFiles/cmTC_3ad9a.dir/CMakeCCompilerABI.c.o -o cmTC_3ad9a 
Using built-in specs.
COLLECT_GCC=/home/andtokm/DiskS/Utils/bin/gcc-13.1/bin/gcc-13.1
COLLECT_LTO_WRAPPER=/home/andtokm/DiskS/Utils/bin/gcc-13.1/libexec/gcc/x86_64-linux-gnu/13.1.0/lto-wrapper
Target: x86_64-linux-gnu
Configured with: ../configure -v --build=x86_64-linux-gnu --host=x86_64-linux-gnu --target=x86_64-linux-gnu --prefix=/home/andtokm/DiskS/Utils/bin/gcc-13.1 --disable-multilib --program-suffix=-13.1
Thread model: posix
Supported LTO compression algorithms: zlib
gcc version 13.1.0 (GCC) 
COMPILER_PATH=/home/andtokm/DiskS/Utils/bin/gcc-13.1/libexec/gcc/x86_64-linux-gnu/13.1.0/:/home/andtokm/DiskS/Utils/bin/gcc-13.1/libexec/gcc/x86_64-linux-gnu/13.1.0/:/home/andtokm/DiskS/Utils/bin/gcc-13.1/libexec/gcc/x86_64-linux-gnu/:/home/andtokm/DiskS/Utils/bin/gcc-13.1/lib/gcc/x86_64-linux-gnu/13.1.0/:/home/andtokm/DiskS/Utils/bin/gcc-13.1/lib/gcc/x86_64-linux-gnu/
LIBRARY_PATH=/home/andtokm/DiskS/Utils/bin/gcc-13.1/lib/gcc/x86_64-linux-gnu/13.1.0/:/home/andtokm/DiskS/Utils/bin/gcc-13.1/lib/gcc/x86_64-linux-gnu/13.1.0/../../../../lib64/:/lib/x86_64-linux-gnu/:/lib/../lib64/:/usr/lib/x86_64-linux-gnu/:/usr/lib/../lib64/:/home/andtokm/DiskS/Utils/bin/gcc-13.1/lib/gcc/x86_64-linux-gnu/13.1.0/../../../:/lib/:/usr/lib/
COLLECT_GCC_OPTIONS='-v' '-o' 'cmTC_3ad9a' '-mtune=generic' '-march=x86-64' '-dumpdir' 'cmTC_3ad9a.'
 /home/andtokm/DiskS/Utils/bin/gcc-13.1/libexec/gcc/x86_64-linux-gnu/13.1.0/collect2 -plugin /home/andtokm/DiskS/Utils/bin/gcc-13.1/libexec/gcc/x86_64-linux-gnu/13.1.0/liblto_plugin.so -plugin-opt=/home/andtokm/DiskS/Utils/bin/gcc-13.1/libexec/gcc/x86_64-linux-gnu/13.1.0/lto-wrapper -plugin-opt=-fresolution=/tmp/cceH01ua.res -plugin-opt=-pass-through=-lgcc -plugin-opt=-pass-through=-lgcc_s -plugin-opt=-pass-through=-lc -plugin-opt=-pass-through=-lgcc -plugin-opt=-pass-through=-lgcc_s --eh-frame-hdr -m elf_x86_64 -dynamic-linker /lib64/ld-linux-x86-64.so.2 -o cmTC_3ad9a /lib/x86_64-linux-gnu/crt1.o /lib/x86_64-linux-gnu/crti.o /home/andtokm/DiskS/Utils/bin/gcc-13.1/lib/gcc/x86_64-linux-gnu/13.1.0/crtbegin.o -L/home/andtokm/DiskS/Utils/bin/gcc-13.1/lib/gcc/x86_64-linux-gnu/13.1.0 -L/home/andtokm/DiskS/Utils/bin/gcc-13.1/lib/gcc/x86_64-linux-gnu/13.1.0/../../../../lib64 -L/lib/x86_64-linux-gnu -L/lib/../lib64 -L/usr/lib/x86_64-linux-gnu -L/usr/lib/../lib64 -L/home/andtokm/DiskS/Utils/bin/gcc-13.1/lib/gcc/x86_64-linux-gnu/13.1.0/../../.. CMakeFiles/cmTC_3ad9a.dir/CMakeCCompilerABI.c.o -lgcc --push-state --as-needed -lgcc_s --pop-state -lc -lgcc --push-state --as-needed -lgcc_s --pop-state /home/andtokm/DiskS/Utils/bin/gcc-13.1/lib/gcc/x86_64-linux-gnu/13.1.0/crtend.o /lib/x86_64-linux-gnu/crtn.o
COLLECT_GCC_OPTIONS='-v' '-o' 'cmTC_3ad9a' '-mtune=generic' '-march=x86-64' '-dumpdir' 'cmTC_3ad9a.'
make[1]: Leaving directory '/home/andtokm/DiskS/ProjectsUbuntu/CppProjects/cmake-build-release-gcc13/CMakeFiles/CMakeScratch/TryCompile-ih7AVi'



Parsed C implicit include dir info from above output: rv=done
  found start of include info
  found start of implicit include info
    add: [/home/andtokm/DiskS/Utils/bin/gcc-13.1/lib/gcc/x86_64-linux-gnu/13.1.0/include]
    add: [/usr/local/include]
    add: [/home/andtokm/DiskS/Utils/bin/gcc-13.1/include]
    add: [/home/andtokm/DiskS/Utils/bin/gcc-13.1/lib/gcc/x86_64-linux-gnu/13.1.0/include-fixed/x86_64-linux-gnu]
    add: [/home/andtokm/DiskS/Utils/bin/gcc-13.1/lib/gcc/x86_64-linux-gnu/13.1.0/include-fixed]
    add: [/usr/include/x86_64-linux-gnu]
    add: [/usr/include]
  end of search list found
  collapse include dir [/home/andtokm/DiskS/Utils/bin/gcc-13.1/lib/gcc/x86_64-linux-gnu/13.1.0/include] ==> [/home/andtokm/DiskS/Utils/bin/gcc-13.1/lib/gcc/x86_64-linux-gnu/13.1.0/include]
  collapse include dir [/usr/local/include] ==> [/usr/local/include]
  collapse include dir [/home/andtokm/DiskS/Utils/bin/gcc-13.1/include] ==> [/home/andtokm/DiskS/Utils/bin/gcc-13.1/include]
  collapse include dir [/home/andtokm/DiskS/Utils/bin/gcc-13.1/lib/gcc/x86_64-linux-gnu/13.1.0/include-fixed/x86_64-linux-gnu] ==> [/home/andtokm/DiskS/Utils/bin/gcc-13.1/lib/gcc/x86_64-linux-gnu/13.1.0/include-fixed/x86_64-linux-gnu]
  collapse include dir [/home/andtokm/DiskS/Utils/bin/gcc-13.1/lib/gcc/x86_64-linux-gnu/13.1.0/include-fixed] ==> [/home/andtokm/DiskS/Utils/bin/gcc-13.1/lib/gcc/x86_64-linux-gnu/13.1.0/include-fixed]
  collapse include dir [/usr/include/x86_64-linux-gnu] ==> [/usr/include/x86_64-linux-gnu]
  collapse include dir [/usr/include] ==> [/usr/include]
  implicit include dirs: [/home/andtokm/DiskS/Utils/bin/gcc-13.1/lib/gcc/x86_64-linux-gnu/13.1.0/include;/usr/local/include;/home/andtokm/DiskS/Utils/bin/gcc-13.1/include;/home/andtokm/DiskS/Utils/bin/gcc-13.1/lib/gcc/x86_64-linux-gnu/13.1.0/include-fixed/x86_64-linux-gnu;/home/andtokm/DiskS/Utils/bin/gcc-13.1/lib/gcc/x86_64-linux-gnu/13.1.0/include-fixed;/usr/include/x86_64-linux-gnu;/usr/include]


Parsed C implicit link information from above output:
  link line regex: [^( *|.*[/\])(ld|CMAKE_LINK_STARTFILE-NOTFOUND|([^/\]+-)?ld|collect2)[^/\]*( |$)]
  ignore line: [Change Dir: /home/andtokm/DiskS/ProjectsUbuntu/CppProjects/cmake-build-release-gcc13/CMakeFiles/CMakeScratch/TryCompile-ih7AVi]
  ignore line: []
  ignore line: [Run Build Command(s):/usr/bin/make -f Makefile cmTC_3ad9a/fast && /usr/bin/make  -f CMakeFiles/cmTC_3ad9a.dir/build.make CMakeFiles/cmTC_3ad9a.dir/build]
  ignore line: [make[1]: Entering directory '/home/andtokm/DiskS/ProjectsUbuntu/CppProjects/cmake-build-release-gcc13/CMakeFiles/CMakeScratch/TryCompile-ih7AVi']
  ignore line: [Building C object CMakeFiles/cmTC_3ad9a.dir/CMakeCCompilerABI.c.o]
  ignore line: [/home/andtokm/DiskS/Utils/bin/gcc-13.1/bin/gcc-13.1   -fdiagnostics-color=always   -v -o CMakeFiles/cmTC_3ad9a.dir/CMakeCCompilerABI.c.o -c /snap/clion/235/bin/cmake/linux/x64/share/cmake-3.25/Modules/CMakeCCompilerABI.c]
  ignore line: [Using built-in specs.]
  ignore line: [COLLECT_GCC=/home/andtokm/DiskS/Utils/bin/gcc-13.1/bin/gcc-13.1]
  ignore line: [Target: x86_64-linux-gnu]
  ignore line: [Configured with: ../configure -v --build=x86_64-linux-gnu --host=x86_64-linux-gnu --target=x86_64-linux-gnu --prefix=/home/andtokm/DiskS/Utils/bin/gcc-13.1 --disable-multilib --program-suffix=-13.1]
  ignore line: [Thread model: posix]
  ignore line: [Supported LTO compression algorithms: zlib]
  ignore line: [gcc version 13.1.0 (GCC) ]
  ignore line: [COLLECT_GCC_OPTIONS='-fdiagnostics-color=always' '-v' '-o' 'CMakeFiles/cmTC_3ad9a.dir/CMakeCCompilerABI.c.o' '-c' '-mtune=generic' '-march=x86-64' '-dumpdir' 'CMakeFiles/cmTC_3ad9a.dir/']
  ignore line: [ /home/andtokm/DiskS/Utils/bin/gcc-13.1/libexec/gcc/x86_64-linux-gnu/13.1.0/cc1 -quiet -v -imultiarch x86_64-linux-gnu /snap/clion/235/bin/cmake/linux/x64/share/cmake-3.25/Modules/CMakeCCompilerABI.c -quiet -dumpdir CMakeFiles/cmTC_3ad9a.dir/ -dumpbase CMakeCCompilerABI.c.c -dumpbase-ext .c -mtune=generic -march=x86-64 -version -fdiagnostics-color=always -o /tmp/ccvt4RaG.s]
  ignore line: [GNU C17 (GCC) version 13.1.0 (x86_64-linux-gnu)]
  ignore line: [	compiled by GNU C version 13.1.0  GMP version 6.2.0  MPFR version 4.0.2  MPC version 1.1.0  isl version none]
  ignore line: [GGC heuristics: --param ggc-min-expand=100 --param ggc-min-heapsize=131072]
  ignore line: [ignoring nonexistent directory "/usr/local/include/x86_64-linux-gnu"]
  ignore line: [ignoring nonexistent directory "/home/andtokm/DiskS/Utils/bin/gcc-13.1/lib/gcc/x86_64-linux-gnu/13.1.0/../../../../x86_64-linux-gnu/include"]
  ignore line: [#include "..." search starts here:]
  ignore line: [#include <...> search starts here:]
  ignore line: [ /home/andtokm/DiskS/Utils/bin/gcc-13.1/lib/gcc/x86_64-linux-gnu/13.1.0/include]
  ignore line: [ /usr/local/include]
  ignore line: [ /home/andtokm/DiskS/Utils/bin/gcc-13.1/include]
  ignore line: [ /home/andtokm/DiskS/Utils/bin/gcc-13.1/lib/gcc/x86_64-linux-gnu/13.1.0/include-fixed/x86_64-linux-gnu]
  ignore line: [ /home/andtokm/DiskS/Utils/bin/gcc-13.1/lib/gcc/x86_64-linux-gnu/13.1.0/include-fixed]
  ignore line: [ /usr/include/x86_64-linux-gnu]
  ignore line: [ /usr/include]
  ignore line: [End of search list.]
  ignore line: [Compiler executable checksum: 012b03c6cda8e9f70b2fbb643dadfe7b]
  ignore line: [COLLECT_GCC_OPTIONS='-fdiagnostics-color=always' '-v' '-o' 'CMakeFiles/cmTC_3ad9a.dir/CMakeCCompilerABI.c.o' '-c' '-mtune=generic' '-march=x86-64' '-dumpdir' 'CMakeFiles/cmTC_3ad9a.dir/']
  ignore line: [ as -v --64 -o CMakeFiles/cmTC_3ad9a.dir/CMakeCCompilerABI.c.o /tmp/ccvt4RaG.s]
  ignore line: [GNU assembler version 2.34 (x86_64-linux-gnu) using BFD version (GNU Binutils for Ubuntu) 2.34]
  ignore line: [COMPILER_PATH=/home/andtokm/DiskS/Utils/bin/gcc-13.1/libexec/gcc/x86_64-linux-gnu/13.1.0/:/home/andtokm/DiskS/Utils/bin/gcc-13.1/libexec/gcc/x86_64-linux-gnu/13.1.0/:/home/andtokm/DiskS/Utils/bin/gcc-13.1/libexec/gcc/x86_64-linux-gnu/:/home/andtokm/DiskS/Utils/bin/gcc-13.1/lib/gcc/x86_64-linux-gnu/13.1.0/:/home/andtokm/DiskS/Utils/bin/gcc-13.1/lib/gcc/x86_64-linux-gnu/]
  ignore line: [LIBRARY_PATH=/home/andtokm/DiskS/Utils/bin/gcc-13.1/lib/gcc/x86_64-linux-gnu/13.1.0/:/home/andtokm/DiskS/Utils/bin/gcc-13.1/lib/gcc/x86_64-linux-gnu/13.1.0/../../../../lib64/:/lib/x86_64-linux-gnu/:/lib/../lib64/:/usr/lib/x86_64-linux-gnu/:/usr/lib/../lib64/:/home/andtokm/DiskS/Utils/bin/gcc-13.1/lib/gcc/x86_64-linux-gnu/13.1.0/../../../:/lib/:/usr/lib/]
  ignore line: [COLLECT_GCC_OPTIONS='-fdiagnostics-color=always' '-v' '-o' 'CMakeFiles/cmTC_3ad9a.dir/CMakeCCompilerABI.c.o' '-c' '-mtune=generic' '-march=x86-64' '-dumpdir' 'CMakeFiles/cmTC_3ad9a.dir/CMakeCCompilerABI.c.']
  ignore line: [Linking C executable cmTC_3ad9a]
  ignore line: [/snap/clion/235/bin/cmake/linux/x64/bin/cmake -E cmake_link_script CMakeFiles/cmTC_3ad9a.dir/link.txt --verbose=1]
  ignore line: [/home/andtokm/DiskS/Utils/bin/gcc-13.1/bin/gcc-13.1  -v CMakeFiles/cmTC_3ad9a.dir/CMakeCCompilerABI.c.o -o cmTC_3ad9a ]
  ignore line: [Using built-in specs.]
  ignore line: [COLLECT_GCC=/home/andtokm/DiskS/Utils/bin/gcc-13.1/bin/gcc-13.1]
  ignore line: [COLLECT_LTO_WRAPPER=/home/andtokm/DiskS/Utils/bin/gcc-13.1/libexec/gcc/x86_64-linux-gnu/13.1.0/lto-wrapper]
  ignore line: [Target: x86_64-linux-gnu]
  ignore line: [Configured with: ../configure -v --build=x86_64-linux-gnu --host=x86_64-linux-gnu --target=x86_64-linux-gnu --prefix=/home/andtokm/DiskS/Utils/bin/gcc-13.1 --disable-multilib --program-suffix=-13.1]
  ignore line: [Thread model: posix]
  ignore line: [Supported LTO compression algorithms: zlib]
  ignore line: [gcc version 13.1.0 (GCC) ]
  ignore line: [COMPILER_PATH=/home/andtokm/DiskS/Utils/bin/gcc-13.1/libexec/gcc/x86_64-linux-gnu/13.1.0/:/home/andtokm/DiskS/Utils/bin/gcc-13.1/libexec/gcc/x86_64-linux-gnu/13.1.0/:/home/andtokm/DiskS/Utils/bin/gcc-13.1/libexec/gcc/x86_64-linux-gnu/:/home/andtokm/DiskS/Utils/bin/gcc-13.1/lib/gcc/x86_64-linux-gnu/13.1.0/:/home/andtokm/DiskS/Utils/bin/gcc-13.1/lib/gcc/x86_64-linux-gnu/]
  ignore line: [LIBRARY_PATH=/home/andtokm/DiskS/Utils/bin/gcc-13.1/lib/gcc/x86_64-linux-gnu/13.1.0/:/home/andtokm/DiskS/Utils/bin/gcc-13.1/lib/gcc/x86_64-linux-gnu/13.1.0/../../../../lib64/:/lib/x86_64-linux-gnu/:/lib/../lib64/:/usr/lib/x86_64-linux-gnu/:/usr/lib/../lib64/:/home/andtokm/DiskS/Utils/bin/gcc-13.1/lib/gcc/x86_64-linux-gnu/13.1.0/../../../:/lib/:/usr/lib/]
  ignore line: [COLLECT_GCC_OPTIONS='-v' '-o' 'cmTC_3ad9a' '-mtune=generic' '-march=x86-64' '-dumpdir' 'cmTC_3ad9a.']
  link line: [ /home/andtokm/DiskS/Utils/bin/gcc-13.1/libexec/gcc/x86_64-linux-gnu/13.1.0/collect2 -plugin /home/andtokm/DiskS/Utils/bin/gcc-13.1/libexec/gcc/x86_64-linux-gnu/13.1.0/liblto_plugin.so -plugin-opt=/home/andtokm/DiskS/Utils/bin/gcc-13.1/libexec/gcc/x86_64-linux-gnu/13.1.0/lto-wrapper -plugin-opt=-fresolution=/tmp/cceH01ua.res -plugin-opt=-pass-through=-lgcc -plugin-opt=-pass-through=-lgcc_s -plugin-opt=-pass-through=-lc -plugin-opt=-pass-through=-lgcc -plugin-opt=-pass-through=-lgcc_s --eh-frame-hdr -m elf_x86_64 -dynamic-linker /lib64/ld-linux-x86-64.so.2 -o cmTC_3ad9a /lib/x86_64-linux-gnu/crt1.o /lib/x86_64-linux-gnu/crti.o /home/andtokm/DiskS/Utils/bin/gcc-13.1/lib/gcc/x86_64-linux-gnu/13.1.0/crtbegin.o -L/home/andtokm/DiskS/Utils/bin/gcc-13.1/lib/gcc/x86_64-linux-gnu/13.1.0 -L/home/andtokm/DiskS/Utils/bin/gcc-13.1/lib/gcc/x86_64-linux-gnu/13.1.0/../../../../lib64 -L/lib/x86_64-linux-gnu -L/lib/../lib64 -L/usr/lib/x86_64-linux-gnu -L/usr/lib/../lib64 -L/home/andtokm/DiskS/Utils/bin/gcc-13.1/lib/gcc/x86_64-linux-gnu/13.1.0/../../.. CMakeFiles/cmTC_3ad9a.dir/CMakeCCompilerABI.c.o -lgcc --push-state --as-needed -lgcc_s --pop-state -lc -lgcc --push-state --as-needed -lgcc_s --pop-state /home/andtokm/DiskS/Utils/bin/gcc-13.1/lib/gcc/x86_64-linux-gnu/13.1.0/crtend.o /lib/x86_64-linux-gnu/crtn.o]
    arg [/home/andtokm/DiskS/Utils/bin/gcc-13.1/libexec/gcc/x86_64-linux-gnu/13.1.0/collect2] ==> ignore
    arg [-plugin] ==> ignore
    arg [/home/andtokm/DiskS/Utils/bin/gcc-13.1/libexec/gcc/x86_64-linux-gnu/13.1.0/liblto_plugin.so] ==> ignore
    arg [-plugin-opt=/home/andtokm/DiskS/Utils/bin/gcc-13.1/libexec/gcc/x86_64-linux-gnu/13.1.0/lto-wrapper] ==> ignore
    arg [-plugin-opt=-fresolution=/tmp/cceH01ua.res] ==> ignore
    arg [-plugin-opt=-pass-through=-lgcc] ==> ignore
    arg [-plugin-opt=-pass-through=-lgcc_s] ==> ignore
    arg [-plugin-opt=-pass-through=-lc] ==> ignore
    arg [-plugin-opt=-pass-through=-lgcc] ==> ignore
    arg [-plugin-opt=-pass-through=-lgcc_s] ==> ignore
    arg [--eh-frame-hdr] ==> ignore
    arg [-m] ==> ignore
    arg [elf_x86_64] ==> ignore
    arg [-dynamic-linker] ==> ignore
    arg [/lib64/ld-linux-x86-64.so.2] ==> ignore
    arg [-o] ==> ignore
    arg [cmTC_3ad9a] ==> ignore
    arg [/lib/x86_64-linux-gnu/crt1.o] ==> obj [/lib/x86_64-linux-gnu/crt1.o]
    arg [/lib/x86_64-linux-gnu/crti.o] ==> obj [/lib/x86_64-linux-gnu/crti.o]
    arg [/home/andtokm/DiskS/Utils/bin/gcc-13.1/lib/gcc/x86_64-linux-gnu/13.1.0/crtbegin.o] ==> obj [/home/andtokm/DiskS/Utils/bin/gcc-13.1/lib/gcc/x86_64-linux-gnu/13.1.0/crtbegin.o]
    arg [-L/home/andtokm/DiskS/Utils/bin/gcc-13.1/lib/gcc/x86_64-linux-gnu/13.1.0] ==> dir [/home/andtokm/DiskS/Utils/bin/gcc-13.1/lib/gcc/x86_64-linux-gnu/13.1.0]
    arg [-L/home/andtokm/DiskS/Utils/bin/gcc-13.1/lib/gcc/x86_64-linux-gnu/13.1.0/../../../../lib64] ==> dir [/home/andtokm/DiskS/Utils/bin/gcc-13.1/lib/gcc/x86_64-linux-gnu/13.1.0/../../../../lib64]
    arg [-L/lib/x86_64-linux-gnu] ==> dir [/lib/x86_64-linux-gnu]
    arg [-L/lib/../lib64] ==> dir [/lib/../lib64]
    arg [-L/usr/lib/x86_64-linux-gnu] ==> dir [/usr/lib/x86_64-linux-gnu]
    arg [-L/usr/lib/../lib64] ==> dir [/usr/lib/../lib64]
    arg [-L/home/andtokm/DiskS/Utils/bin/gcc-13.1/lib/gcc/x86_64-linux-gnu/13.1.0/../../..] ==> dir [/home/andtokm/DiskS/Utils/bin/gcc-13.1/lib/gcc/x86_64-linux-gnu/13.1.0/../../..]
    arg [CMakeFiles/cmTC_3ad9a.dir/CMakeCCompilerABI.c.o] ==> ignore
    arg [-lgcc] ==> lib [gcc]
    arg [--push-state] ==> ignore
    arg [--as-needed] ==> ignore
    arg [-lgcc_s] ==> lib [gcc_s]
    arg [--pop-state] ==> ignore
    arg [-lc] ==> lib [c]
    arg [-lgcc] ==> lib [gcc]
    arg [--push-state] ==> ignore
    arg [--as-needed] ==> ignore
    arg [-lgcc_s] ==> lib [gcc_s]
    arg [--pop-state] ==> ignore
    arg [/home/andtokm/DiskS/Utils/bin/gcc-13.1/lib/gcc/x86_64-linux-gnu/13.1.0/crtend.o] ==> obj [/home/andtokm/DiskS/Utils/bin/gcc-13.1/lib/gcc/x86_64-linux-gnu/13.1.0/crtend.o]
    arg [/lib/x86_64-linux-gnu/crtn.o] ==> obj [/lib/x86_64-linux-gnu/crtn.o]
  collapse library dir [/home/andtokm/DiskS/Utils/bin/gcc-13.1/lib/gcc/x86_64-linux-gnu/13.1.0] ==> [/home/andtokm/DiskS/Utils/bin/gcc-13.1/lib/gcc/x86_64-linux-gnu/13.1.0]
  collapse library dir [/home/andtokm/DiskS/Utils/bin/gcc-13.1/lib/gcc/x86_64-linux-gnu/13.1.0/../../../../lib64] ==> [/home/andtokm/DiskS/Utils/bin/gcc-13.1/lib64]
  collapse library dir [/lib/x86_64-linux-gnu] ==> [/lib/x86_64-linux-gnu]
  collapse library dir [/lib/../lib64] ==> [/lib64]
  collapse library dir [/usr/lib/x86_64-linux-gnu] ==> [/usr/lib/x86_64-linux-gnu]
  collapse library dir [/usr/lib/../lib64] ==> [/usr/lib64]
  collapse library dir [/home/andtokm/DiskS/Utils/bin/gcc-13.1/lib/gcc/x86_64-linux-gnu/13.1.0/../../..] ==> [/home/andtokm/DiskS/Utils/bin/gcc-13.1/lib]
  implicit libs: [gcc;gcc_s;c;gcc;gcc_s]
  implicit objs: [/lib/x86_64-linux-gnu/crt1.o;/lib/x86_64-linux-gnu/crti.o;/home/andtokm/DiskS/Utils/bin/gcc-13.1/lib/gcc/x86_64-linux-gnu/13.1.0/crtbegin.o;/home/andtokm/DiskS/Utils/bin/gcc-13.1/lib/gcc/x86_64-linux-gnu/13.1.0/crtend.o;/lib/x86_64-linux-gnu/crtn.o]
  implicit dirs: [/home/andtokm/DiskS/Utils/bin/gcc-13.1/lib/gcc/x86_64-linux-gnu/13.1.0;/home/andtokm/DiskS/Utils/bin/gcc-13.1/lib64;/lib/x86_64-linux-gnu;/lib64;/usr/lib/x86_64-linux-gnu;/usr/lib64;/home/andtokm/DiskS/Utils/bin/gcc-13.1/lib]
  implicit fwks: []


Detecting CXX compiler ABI info compiled with the following output:
Change Dir: /home/andtokm/DiskS/ProjectsUbuntu/CppProjects/cmake-build-release-gcc13/CMakeFiles/CMakeScratch/TryCompile-z1D0Ak

Run Build Command(s):/usr/bin/make -f Makefile cmTC_96442/fast && /usr/bin/make  -f CMakeFiles/cmTC_96442.dir/build.make CMakeFiles/cmTC_96442.dir/build
make[1]: Entering directory '/home/andtokm/DiskS/ProjectsUbuntu/CppProjects/cmake-build-release-gcc13/CMakeFiles/CMakeScratch/TryCompile-z1D0Ak'
Building CXX object CMakeFiles/cmTC_96442.dir/CMakeCXXCompilerABI.cpp.o
/home/andtokm/DiskS/Utils/bin/gcc-13.1/bin/c++-13.1   -fdiagnostics-color=always   -v -o CMakeFiles/cmTC_96442.dir/CMakeCXXCompilerABI.cpp.o -c /snap/clion/235/bin/cmake/linux/x64/share/cmake-3.25/Modules/CMakeCXXCompilerABI.cpp
Using built-in specs.
COLLECT_GCC=/home/andtokm/DiskS/Utils/bin/gcc-13.1/bin/c++-13.1
Target: x86_64-linux-gnu
Configured with: ../configure -v --build=x86_64-linux-gnu --host=x86_64-linux-gnu --target=x86_64-linux-gnu --prefix=/home/andtokm/DiskS/Utils/bin/gcc-13.1 --disable-multilib --program-suffix=-13.1
Thread model: posix
Supported LTO compression algorithms: zlib
gcc version 13.1.0 (GCC) 
COLLECT_GCC_OPTIONS='-fdiagnostics-color=always' '-v' '-o' 'CMakeFiles/cmTC_96442.dir/CMakeCXXCompilerABI.cpp.o' '-c' '-shared-libgcc' '-mtune=generic' '-march=x86-64' '-dumpdir' 'CMakeFiles/cmTC_96442.dir/'
 /home/andtokm/DiskS/Utils/bin/gcc-13.1/libexec/gcc/x86_64-linux-gnu/13.1.0/cc1plus -quiet -v -imultiarch x86_64-linux-gnu -D_GNU_SOURCE /snap/clion/235/bin/cmake/linux/x64/share/cmake-3.25/Modules/CMakeCXXCompilerABI.cpp -quiet -dumpdir CMakeFiles/cmTC_96442.dir/ -dumpbase CMakeCXXCompilerABI.cpp.cpp -dumpbase-ext .cpp -mtune=generic -march=x86-64 -version -fdiagnostics-color=always -o /tmp/ccRiIqJM.s
GNU C++17 (GCC) version 13.1.0 (x86_64-linux-gnu)
	compiled by GNU C version 13.1.0, GMP version 6.2.0, MPFR version 4.0.2, MPC version 1.1.0, isl version none
GGC heuristics: --param ggc-min-expand=100 --param ggc-min-heapsize=131072
ignoring nonexistent directory "/usr/local/include/x86_64-linux-gnu"
ignoring nonexistent directory "/home/andtokm/DiskS/Utils/bin/gcc-13.1/lib/gcc/x86_64-linux-gnu/13.1.0/../../../../x86_64-linux-gnu/include"
#include "..." search starts here:
#include <...> search starts here:
 /home/andtokm/DiskS/Utils/bin/gcc-13.1/lib/gcc/x86_64-linux-gnu/13.1.0/../../../../include/c++/13.1.0
 /home/andtokm/DiskS/Utils/bin/gcc-13.1/lib/gcc/x86_64-linux-gnu/13.1.0/../../../../include/c++/13.1.0/x86_64-linux-gnu
 /home/andtokm/DiskS/Utils/bin/gcc-13.1/lib/gcc/x86_64-linux-gnu/13.1.0/../../../../include/c++/13.1.0/backward
 /home/andtokm/DiskS/Utils/bin/gcc-13.1/lib/gcc/x86_64-linux-gnu/13.1.0/include
 /usr/local/include
 /home/andtokm/DiskS/Utils/bin/gcc-13.1/include
 /home/andtokm/DiskS/Utils/bin/gcc-13.1/lib/gcc/x86_64-linux-gnu/13.1.0/include-fixed/x86_64-linux-gnu
 /home/andtokm/DiskS/Utils/bin/gcc-13.1/lib/gcc/x86_64-linux-gnu/13.1.0/include-fixed
 /usr/include/x86_64-linux-gnu
 /usr/include
End of search list.
Compiler executable checksum: fb1779dcc0a34e2f42376996e76a979a
COLLECT_GCC_OPTIONS='-fdiagnostics-color=always' '-v' '-o' 'CMakeFiles/cmTC_96442.dir/CMakeCXXCompilerABI.cpp.o' '-c' '-shared-libgcc' '-mtune=generic' '-march=x86-64' '-dumpdir' 'CMakeFiles/cmTC_96442.dir/'
 as -v --64 -o CMakeFiles/cmTC_96442.dir/CMakeCXXCompilerABI.cpp.o /tmp/ccRiIqJM.s
GNU assembler version 2.34 (x86_64-linux-gnu) using BFD version (GNU Binutils for Ubuntu) 2.34
COMPILER_PATH=/home/andtokm/DiskS/Utils/bin/gcc-13.1/libexec/gcc/x86_64-linux-gnu/13.1.0/:/home/andtokm/DiskS/Utils/bin/gcc-13.1/libexec/gcc/x86_64-linux-gnu/13.1.0/:/home/andtokm/DiskS/Utils/bin/gcc-13.1/libexec/gcc/x86_64-linux-gnu/:/home/andtokm/DiskS/Utils/bin/gcc-13.1/lib/gcc/x86_64-linux-gnu/13.1.0/:/home/andtokm/DiskS/Utils/bin/gcc-13.1/lib/gcc/x86_64-linux-gnu/
LIBRARY_PATH=/home/andtokm/DiskS/Utils/bin/gcc-13.1/lib/gcc/x86_64-linux-gnu/13.1.0/:/home/andtokm/DiskS/Utils/bin/gcc-13.1/lib/gcc/x86_64-linux-gnu/13.1.0/../../../../lib64/:/lib/x86_64-linux-gnu/:/lib/../lib64/:/usr/lib/x86_64-linux-gnu/:/usr/lib/../lib64/:/home/andtokm/DiskS/Utils/bin/gcc-13.1/lib/gcc/x86_64-linux-gnu/13.1.0/../../../:/lib/:/usr/lib/
COLLECT_GCC_OPTIONS='-fdiagnostics-color=always' '-v' '-o' 'CMakeFiles/cmTC_96442.dir/CMakeCXXCompilerABI.cpp.o' '-c' '-shared-libgcc' '-mtune=generic' '-march=x86-64' '-dumpdir' 'CMakeFiles/cmTC_96442.dir/CMakeCXXCompilerABI.cpp.'
Linking CXX executable cmTC_96442
/snap/clion/235/bin/cmake/linux/x64/bin/cmake -E cmake_link_script CMakeFiles/cmTC_96442.dir/link.txt --verbose=1
/home/andtokm/DiskS/Utils/bin/gcc-13.1/bin/c++-13.1  -v CMakeFiles/cmTC_96442.dir/CMakeCXXCompilerABI.cpp.o -o cmTC_96442 
Using built-in specs.
COLLECT_GCC=/home/andtokm/DiskS/Utils/bin/gcc-13.1/bin/c++-13.1
COLLECT_LTO_WRAPPER=/home/andtokm/DiskS/Utils/bin/gcc-13.1/libexec/gcc/x86_64-linux-gnu/13.1.0/lto-wrapper
Target: x86_64-linux-gnu
Configured with: ../configure -v --build=x86_64-linux-gnu --host=x86_64-linux-gnu --target=x86_64-linux-gnu --prefix=/home/andtokm/DiskS/Utils/bin/gcc-13.1 --disable-multilib --program-suffix=-13.1
Thread model: posix
Supported LTO compression algorithms: zlib
gcc version 13.1.0 (GCC) 
COMPILER_PATH=/home/andtokm/DiskS/Utils/bin/gcc-13.1/libexec/gcc/x86_64-linux-gnu/13.1.0/:/home/andtokm/DiskS/Utils/bin/gcc-13.1/libexec/gcc/x86_64-linux-gnu/13.1.0/:/home/andtokm/DiskS/Utils/bin/gcc-13.1/libexec/gcc/x86_64-linux-gnu/:/home/andtokm/DiskS/Utils/bin/gcc-13.1/lib/gcc/x86_64-linux-gnu/13.1.0/:/home/andtokm/DiskS/Utils/bin/gcc-13.1/lib/gcc/x86_64-linux-gnu/
LIBRARY_PATH=/home/andtokm/DiskS/Utils/bin/gcc-13.1/lib/gcc/x86_64-linux-gnu/13.1.0/:/home/andtokm/DiskS/Utils/bin/gcc-13.1/lib/gcc/x86_64-linux-gnu/13.1.0/../../../../lib64/:/lib/x86_64-linux-gnu/:/lib/../lib64/:/usr/lib/x86_64-linux-gnu/:/usr/lib/../lib64/:/home/andtokm/DiskS/Utils/bin/gcc-13.1/lib/gcc/x86_64-linux-gnu/13.1.0/../../../:/lib/:/usr/lib/
COLLECT_GCC_OPTIONS='-v' '-o' 'cmTC_96442' '-shared-libgcc' '-mtune=generic' '-march=x86-64' '-dumpdir' 'cmTC_96442.'
 /home/andtokm/DiskS/Utils/bin/gcc-13.1/libexec/gcc/x86_64-linux-gnu/13.1.0/collect2 -plugin /home/andtokm/DiskS/Utils/bin/gcc-13.1/libexec/gcc/x86_64-linux-gnu/13.1.0/liblto_plugin.so -plugin-opt=/home/andtokm/DiskS/Utils/bin/gcc-13.1/libexec/gcc/x86_64-linux-gnu/13.1.0/lto-wrapper -plugin-opt=-fresolution=/tmp/ccU9UXIq.res -plugin-opt=-pass-through=-lgcc_s -plugin-opt=-pass-through=-lgcc -plugin-opt=-pass-through=-lc -plugin-opt=-pass-through=-lgcc_s -plugin-opt=-pass-through=-lgcc --eh-frame-hdr -m elf_x86_64 -dynamic-linker /lib64/ld-linux-x86-64.so.2 -o cmTC_96442 /lib/x86_64-linux-gnu/crt1.o /lib/x86_64-linux-gnu/crti.o /home/andtokm/DiskS/Utils/bin/gcc-13.1/lib/gcc/x86_64-linux-gnu/13.1.0/crtbegin.o -L/home/andtokm/DiskS/Utils/bin/gcc-13.1/lib/gcc/x86_64-linux-gnu/13.1.0 -L/home/andtokm/DiskS/Utils/bin/gcc-13.1/lib/gcc/x86_64-linux-gnu/13.1.0/../../../../lib64 -L/lib/x86_64-linux-gnu -L/lib/../lib64 -L/usr/lib/x86_64-linux-gnu -L/usr/lib/../lib64 -L/home/andtokm/DiskS/Utils/bin/gcc-13.1/lib/gcc/x86_64-linux-gnu/13.1.0/../../.. CMakeFiles/cmTC_96442.dir/CMakeCXXCompilerABI.cpp.o -lstdc++ -lm -lgcc_s -lgcc -lc -lgcc_s -lgcc /home/andtokm/DiskS/Utils/bin/gcc-13.1/lib/gcc/x86_64-linux-gnu/13.1.0/crtend.o /lib/x86_64-linux-gnu/crtn.o
COLLECT_GCC_OPTIONS='-v' '-o' 'cmTC_96442' '-shared-libgcc' '-mtune=generic' '-march=x86-64' '-dumpdir' 'cmTC_96442.'
make[1]: Leaving directory '/home/andtokm/DiskS/ProjectsUbuntu/CppProjects/cmake-build-release-gcc13/CMakeFiles/CMakeScratch/TryCompile-z1D0Ak'



Parsed CXX implicit include dir info from above output: rv=done
  found start of include info
  found start of implicit include info
    add: [/home/andtokm/DiskS/Utils/bin/gcc-13.1/lib/gcc/x86_64-linux-gnu/13.1.0/../../../../include/c++/13.1.0]
    add: [/home/andtokm/DiskS/Utils/bin/gcc-13.1/lib/gcc/x86_64-linux-gnu/13.1.0/../../../../include/c++/13.1.0/x86_64-linux-gnu]
    add: [/home/andtokm/DiskS/Utils/bin/gcc-13.1/lib/gcc/x86_64-linux-gnu/13.1.0/../../../../include/c++/13.1.0/backward]
    add: [/home/andtokm/DiskS/Utils/bin/gcc-13.1/lib/gcc/x86_64-linux-gnu/13.1.0/include]
    add: [/usr/local/include]
    add: [/home/andtokm/DiskS/Utils/bin/gcc-13.1/include]
    add: [/home/andtokm/DiskS/Utils/bin/gcc-13.1/lib/gcc/x86_64-linux-gnu/13.1.0/include-fixed/x86_64-linux-gnu]
    add: [/home/andtokm/DiskS/Utils/bin/gcc-13.1/lib/gcc/x86_64-linux-gnu/13.1.0/include-fixed]
    add: [/usr/include/x86_64-linux-gnu]
    add: [/usr/include]
  end of search list found
  collapse include dir [/home/andtokm/DiskS/Utils/bin/gcc-13.1/lib/gcc/x86_64-linux-gnu/13.1.0/../../../../include/c++/13.1.0] ==> [/home/andtokm/DiskS/Utils/bin/gcc-13.1/include/c++/13.1.0]
  collapse include dir [/home/andtokm/DiskS/Utils/bin/gcc-13.1/lib/gcc/x86_64-linux-gnu/13.1.0/../../../../include/c++/13.1.0/x86_64-linux-gnu] ==> [/home/andtokm/DiskS/Utils/bin/gcc-13.1/include/c++/13.1.0/x86_64-linux-gnu]
  collapse include dir [/home/andtokm/DiskS/Utils/bin/gcc-13.1/lib/gcc/x86_64-linux-gnu/13.1.0/../../../../include/c++/13.1.0/backward] ==> [/home/andtokm/DiskS/Utils/bin/gcc-13.1/include/c++/13.1.0/backward]
  collapse include dir [/home/andtokm/DiskS/Utils/bin/gcc-13.1/lib/gcc/x86_64-linux-gnu/13.1.0/include] ==> [/home/andtokm/DiskS/Utils/bin/gcc-13.1/lib/gcc/x86_64-linux-gnu/13.1.0/include]
  collapse include dir [/usr/local/include] ==> [/usr/local/include]
  collapse include dir [/home/andtokm/DiskS/Utils/bin/gcc-13.1/include] ==> [/home/andtokm/DiskS/Utils/bin/gcc-13.1/include]
  collapse include dir [/home/andtokm/DiskS/Utils/bin/gcc-13.1/lib/gcc/x86_64-linux-gnu/13.1.0/include-fixed/x86_64-linux-gnu] ==> [/home/andtokm/DiskS/Utils/bin/gcc-13.1/lib/gcc/x86_64-linux-gnu/13.1.0/include-fixed/x86_64-linux-gnu]
  collapse include dir [/home/andtokm/DiskS/Utils/bin/gcc-13.1/lib/gcc/x86_64-linux-gnu/13.1.0/include-fixed] ==> [/home/andtokm/DiskS/Utils/bin/gcc-13.1/lib/gcc/x86_64-linux-gnu/13.1.0/include-fixed]
  collapse include dir [/usr/include/x86_64-linux-gnu] ==> [/usr/include/x86_64-linux-gnu]
  collapse include dir [/usr/include] ==> [/usr/include]
  implicit include dirs: [/home/andtokm/DiskS/Utils/bin/gcc-13.1/include/c++/13.1.0;/home/andtokm/DiskS/Utils/bin/gcc-13.1/include/c++/13.1.0/x86_64-linux-gnu;/home/andtokm/DiskS/Utils/bin/gcc-13.1/include/c++/13.1.0/backward;/home/andtokm/DiskS/Utils/bin/gcc-13.1/lib/gcc/x86_64-linux-gnu/13.1.0/include;/usr/local/include;/home/andtokm/DiskS/Utils/bin/gcc-13.1/include;/home/andtokm/DiskS/Utils/bin/gcc-13.1/lib/gcc/x86_64-linux-gnu/13.1.0/include-fixed/x86_64-linux-gnu;/home/andtokm/DiskS/Utils/bin/gcc-13.1/lib/gcc/x86_64-linux-gnu/13.1.0/include-fixed;/usr/include/x86_64-linux-gnu;/usr/include]


Parsed CXX implicit link information from above output:
  link line regex: [^( *|.*[/\])(ld|CMAKE_LINK_STARTFILE-NOTFOUND|([^/\]+-)?ld|collect2)[^/\]*( |$)]
  ignore line: [Change Dir: /home/andtokm/DiskS/ProjectsUbuntu/CppProjects/cmake-build-release-gcc13/CMakeFiles/CMakeScratch/TryCompile-z1D0Ak]
  ignore line: []
  ignore line: [Run Build Command(s):/usr/bin/make -f Makefile cmTC_96442/fast && /usr/bin/make  -f CMakeFiles/cmTC_96442.dir/build.make CMakeFiles/cmTC_96442.dir/build]
  ignore line: [make[1]: Entering directory '/home/andtokm/DiskS/ProjectsUbuntu/CppProjects/cmake-build-release-gcc13/CMakeFiles/CMakeScratch/TryCompile-z1D0Ak']
  ignore line: [Building CXX object CMakeFiles/cmTC_96442.dir/CMakeCXXCompilerABI.cpp.o]
  ignore line: [/home/andtokm/DiskS/Utils/bin/gcc-13.1/bin/c++-13.1   -fdiagnostics-color=always   -v -o CMakeFiles/cmTC_96442.dir/CMakeCXXCompilerABI.cpp.o -c /snap/clion/235/bin/cmake/linux/x64/share/cmake-3.25/Modules/CMakeCXXCompilerABI.cpp]
  ignore line: [Using built-in specs.]
  ignore line: [COLLECT_GCC=/home/andtokm/DiskS/Utils/bin/gcc-13.1/bin/c++-13.1]
  ignore line: [Target: x86_64-linux-gnu]
  ignore line: [Configured with: ../configure -v --build=x86_64-linux-gnu --host=x86_64-linux-gnu --target=x86_64-linux-gnu --prefix=/home/andtokm/DiskS/Utils/bin/gcc-13.1 --disable-multilib --program-suffix=-13.1]
  ignore line: [Thread model: posix]
  ignore line: [Supported LTO compression algorithms: zlib]
  ignore line: [gcc version 13.1.0 (GCC) ]
  ignore line: [COLLECT_GCC_OPTIONS='-fdiagnostics-color=always' '-v' '-o' 'CMakeFiles/cmTC_96442.dir/CMakeCXXCompilerABI.cpp.o' '-c' '-shared-libgcc' '-mtune=generic' '-march=x86-64' '-dumpdir' 'CMakeFiles/cmTC_96442.dir/']
  ignore line: [ /home/andtokm/DiskS/Utils/bin/gcc-13.1/libexec/gcc/x86_64-linux-gnu/13.1.0/cc1plus -quiet -v -imultiarch x86_64-linux-gnu -D_GNU_SOURCE /snap/clion/235/bin/cmake/linux/x64/share/cmake-3.25/Modules/CMakeCXXCompilerABI.cpp -quiet -dumpdir CMakeFiles/cmTC_96442.dir/ -dumpbase CMakeCXXCompilerABI.cpp.cpp -dumpbase-ext .cpp -mtune=generic -march=x86-64 -version -fdiagnostics-color=always -o /tmp/ccRiIqJM.s]
  ignore line: [GNU C++17 (GCC) version 13.1.0 (x86_64-linux-gnu)]
  ignore line: [	compiled by GNU C version 13.1.0  GMP version 6.2.0  MPFR version 4.0.2  MPC version 1.1.0  isl version none]
  ignore line: [GGC heuristics: --param ggc-min-expand=100 --param ggc-min-heapsize=131072]
  ignore line: [ignoring nonexistent directory "/usr/local/include/x86_64-linux-gnu"]
  ignore line: [ignoring nonexistent directory "/home/andtokm/DiskS/Utils/bin/gcc-13.1/lib/gcc/x86_64-linux-gnu/13.1.0/../../../../x86_64-linux-gnu/include"]
  ignore line: [#include "..." search starts here:]
  ignore line: [#include <...> search starts here:]
  ignore line: [ /home/andtokm/DiskS/Utils/bin/gcc-13.1/lib/gcc/x86_64-linux-gnu/13.1.0/../../../../include/c++/13.1.0]
  ignore line: [ /home/andtokm/DiskS/Utils/bin/gcc-13.1/lib/gcc/x86_64-linux-gnu/13.1.0/../../../../include/c++/13.1.0/x86_64-linux-gnu]
  ignore line: [ /home/andtokm/DiskS/Utils/bin/gcc-13.1/lib/gcc/x86_64-linux-gnu/13.1.0/../../../../include/c++/13.1.0/backward]
  ignore line: [ /home/andtokm/DiskS/Utils/bin/gcc-13.1/lib/gcc/x86_64-linux-gnu/13.1.0/include]
  ignore line: [ /usr/local/include]
  ignore line: [ /home/andtokm/DiskS/Utils/bin/gcc-13.1/include]
  ignore line: [ /home/andtokm/DiskS/Utils/bin/gcc-13.1/lib/gcc/x86_64-linux-gnu/13.1.0/include-fixed/x86_64-linux-gnu]
  ignore line: [ /home/andtokm/DiskS/Utils/bin/gcc-13.1/lib/gcc/x86_64-linux-gnu/13.1.0/include-fixed]
  ignore line: [ /usr/include/x86_64-linux-gnu]
  ignore line: [ /usr/include]
  ignore line: [End of search list.]
  ignore line: [Compiler executable checksum: fb1779dcc0a34e2f42376996e76a979a]
  ignore line: [COLLECT_GCC_OPTIONS='-fdiagnostics-color=always' '-v' '-o' 'CMakeFiles/cmTC_96442.dir/CMakeCXXCompilerABI.cpp.o' '-c' '-shared-libgcc' '-mtune=generic' '-march=x86-64' '-dumpdir' 'CMakeFiles/cmTC_96442.dir/']
  ignore line: [ as -v --64 -o CMakeFiles/cmTC_96442.dir/CMakeCXXCompilerABI.cpp.o /tmp/ccRiIqJM.s]
  ignore line: [GNU assembler version 2.34 (x86_64-linux-gnu) using BFD version (GNU Binutils for Ubuntu) 2.34]
  ignore line: [COMPILER_PATH=/home/andtokm/DiskS/Utils/bin/gcc-13.1/libexec/gcc/x86_64-linux-gnu/13.1.0/:/home/andtokm/DiskS/Utils/bin/gcc-13.1/libexec/gcc/x86_64-linux-gnu/13.1.0/:/home/andtokm/DiskS/Utils/bin/gcc-13.1/libexec/gcc/x86_64-linux-gnu/:/home/andtokm/DiskS/Utils/bin/gcc-13.1/lib/gcc/x86_64-linux-gnu/13.1.0/:/home/andtokm/DiskS/Utils/bin/gcc-13.1/lib/gcc/x86_64-linux-gnu/]
  ignore line: [LIBRARY_PATH=/home/andtokm/DiskS/Utils/bin/gcc-13.1/lib/gcc/x86_64-linux-gnu/13.1.0/:/home/andtokm/DiskS/Utils/bin/gcc-13.1/lib/gcc/x86_64-linux-gnu/13.1.0/../../../../lib64/:/lib/x86_64-linux-gnu/:/lib/../lib64/:/usr/lib/x86_64-linux-gnu/:/usr/lib/../lib64/:/home/andtokm/DiskS/Utils/bin/gcc-13.1/lib/gcc/x86_64-linux-gnu/13.1.0/../../../:/lib/:/usr/lib/]
  ignore line: [COLLECT_GCC_OPTIONS='-fdiagnostics-color=always' '-v' '-o' 'CMakeFiles/cmTC_96442.dir/CMakeCXXCompilerABI.cpp.o' '-c' '-shared-libgcc' '-mtune=generic' '-march=x86-64' '-dumpdir' 'CMakeFiles/cmTC_96442.dir/CMakeCXXCompilerABI.cpp.']
  ignore line: [Linking CXX executable cmTC_96442]
  ignore line: [/snap/clion/235/bin/cmake/linux/x64/bin/cmake -E cmake_link_script CMakeFiles/cmTC_96442.dir/link.txt --verbose=1]
  ignore line: [/home/andtokm/DiskS/Utils/bin/gcc-13.1/bin/c++-13.1  -v CMakeFiles/cmTC_96442.dir/CMakeCXXCompilerABI.cpp.o -o cmTC_96442 ]
  ignore line: [Using built-in specs.]
  ignore line: [COLLECT_GCC=/home/andtokm/DiskS/Utils/bin/gcc-13.1/bin/c++-13.1]
  ignore line: [COLLECT_LTO_WRAPPER=/home/andtokm/DiskS/Utils/bin/gcc-13.1/libexec/gcc/x86_64-linux-gnu/13.1.0/lto-wrapper]
  ignore line: [Target: x86_64-linux-gnu]
  ignore line: [Configured with: ../configure -v --build=x86_64-linux-gnu --host=x86_64-linux-gnu --target=x86_64-linux-gnu --prefix=/home/andtokm/DiskS/Utils/bin/gcc-13.1 --disable-multilib --program-suffix=-13.1]
  ignore line: [Thread model: posix]
  ignore line: [Supported LTO compression algorithms: zlib]
  ignore line: [gcc version 13.1.0 (GCC) ]
  ignore line: [COMPILER_PATH=/home/andtokm/DiskS/Utils/bin/gcc-13.1/libexec/gcc/x86_64-linux-gnu/13.1.0/:/home/andtokm/DiskS/Utils/bin/gcc-13.1/libexec/gcc/x86_64-linux-gnu/13.1.0/:/home/andtokm/DiskS/Utils/bin/gcc-13.1/libexec/gcc/x86_64-linux-gnu/:/home/andtokm/DiskS/Utils/bin/gcc-13.1/lib/gcc/x86_64-linux-gnu/13.1.0/:/home/andtokm/DiskS/Utils/bin/gcc-13.1/lib/gcc/x86_64-linux-gnu/]
  ignore line: [LIBRARY_PATH=/home/andtokm/DiskS/Utils/bin/gcc-13.1/lib/gcc/x86_64-linux-gnu/13.1.0/:/home/andtokm/DiskS/Utils/bin/gcc-13.1/lib/gcc/x86_64-linux-gnu/13.1.0/../../../../lib64/:/lib/x86_64-linux-gnu/:/lib/../lib64/:/usr/lib/x86_64-linux-gnu/:/usr/lib/../lib64/:/home/andtokm/DiskS/Utils/bin/gcc-13.1/lib/gcc/x86_64-linux-gnu/13.1.0/../../../:/lib/:/usr/lib/]
  ignore line: [COLLECT_GCC_OPTIONS='-v' '-o' 'cmTC_96442' '-shared-libgcc' '-mtune=generic' '-march=x86-64' '-dumpdir' 'cmTC_96442.']
  link line: [ /home/andtokm/DiskS/Utils/bin/gcc-13.1/libexec/gcc/x86_64-linux-gnu/13.1.0/collect2 -plugin /home/andtokm/DiskS/Utils/bin/gcc-13.1/libexec/gcc/x86_64-linux-gnu/13.1.0/liblto_plugin.so -plugin-opt=/home/andtokm/DiskS/Utils/bin/gcc-13.1/libexec/gcc/x86_64-linux-gnu/13.1.0/lto-wrapper -plugin-opt=-fresolution=/tmp/ccU9UXIq.res -plugin-opt=-pass-through=-lgcc_s -plugin-opt=-pass-through=-lgcc -plugin-opt=-pass-through=-lc -plugin-opt=-pass-through=-lgcc_s -plugin-opt=-pass-through=-lgcc --eh-frame-hdr -m elf_x86_64 -dynamic-linker /lib64/ld-linux-x86-64.so.2 -o cmTC_96442 /lib/x86_64-linux-gnu/crt1.o /lib/x86_64-linux-gnu/crti.o /home/andtokm/DiskS/Utils/bin/gcc-13.1/lib/gcc/x86_64-linux-gnu/13.1.0/crtbegin.o -L/home/andtokm/DiskS/Utils/bin/gcc-13.1/lib/gcc/x86_64-linux-gnu/13.1.0 -L/home/andtokm/DiskS/Utils/bin/gcc-13.1/lib/gcc/x86_64-linux-gnu/13.1.0/../../../../lib64 -L/lib/x86_64-linux-gnu -L/lib/../lib64 -L/usr/lib/x86_64-linux-gnu -L/usr/lib/../lib64 -L/home/andtokm/DiskS/Utils/bin/gcc-13.1/lib/gcc/x86_64-linux-gnu/13.1.0/../../.. CMakeFiles/cmTC_96442.dir/CMakeCXXCompilerABI.cpp.o -lstdc++ -lm -lgcc_s -lgcc -lc -lgcc_s -lgcc /home/andtokm/DiskS/Utils/bin/gcc-13.1/lib/gcc/x86_64-linux-gnu/13.1.0/crtend.o /lib/x86_64-linux-gnu/crtn.o]
    arg [/home/andtokm/DiskS/Utils/bin/gcc-13.1/libexec/gcc/x86_64-linux-gnu/13.1.0/collect2] ==> ignore
    arg [-plugin] ==> ignore
    arg [/home/andtokm/DiskS/Utils/bin/gcc-13.1/libexec/gcc/x86_64-linux-gnu/13.1.0/liblto_plugin.so] ==> ignore
    arg [-plugin-opt=/home/andtokm/DiskS/Utils/bin/gcc-13.1/libexec/gcc/x86_64-linux-gnu/13.1.0/lto-wrapper] ==> ignore
    arg [-plugin-opt=-fresolution=/tmp/ccU9UXIq.res] ==> ignore
    arg [-plugin-opt=-pass-through=-lgcc_s] ==> ignore
    arg [-plugin-opt=-pass-through=-lgcc] ==> ignore
    arg [-plugin-opt=-pass-through=-lc] ==> ignore
    arg [-plugin-opt=-pass-through=-lgcc_s] ==> ignore
    arg [-plugin-opt=-pass-through=-lgcc] ==> ignore
    arg [--eh-frame-hdr] ==> ignore
    arg [-m] ==> ignore
    arg [elf_x86_64] ==> ignore
    arg [-dynamic-linker] ==> ignore
    arg [/lib64/ld-linux-x86-64.so.2] ==> ignore
    arg [-o] ==> ignore
    arg [cmTC_96442] ==> ignore
    arg [/lib/x86_64-linux-gnu/crt1.o] ==> obj [/lib/x86_64-linux-gnu/crt1.o]
    arg [/lib/x86_64-linux-gnu/crti.o] ==> obj [/lib/x86_64-linux-gnu/crti.o]
    arg [/home/andtokm/DiskS/Utils/bin/gcc-13.1/lib/gcc/x86_64-linux-gnu/13.1.0/crtbegin.o] ==> obj [/home/andtokm/DiskS/Utils/bin/gcc-13.1/lib/gcc/x86_64-linux-gnu/13.1.0/crtbegin.o]
    arg [-L/home/andtokm/DiskS/Utils/bin/gcc-13.1/lib/gcc/x86_64-linux-gnu/13.1.0] ==> dir [/home/andtokm/DiskS/Utils/bin/gcc-13.1/lib/gcc/x86_64-linux-gnu/13.1.0]
    arg [-L/home/andtokm/DiskS/Utils/bin/gcc-13.1/lib/gcc/x86_64-linux-gnu/13.1.0/../../../../lib64] ==> dir [/home/andtokm/DiskS/Utils/bin/gcc-13.1/lib/gcc/x86_64-linux-gnu/13.1.0/../../../../lib64]
    arg [-L/lib/x86_64-linux-gnu] ==> dir [/lib/x86_64-linux-gnu]
    arg [-L/lib/../lib64] ==> dir [/lib/../lib64]
    arg [-L/usr/lib/x86_64-linux-gnu] ==> dir [/usr/lib/x86_64-linux-gnu]
    arg [-L/usr/lib/../lib64] ==> dir [/usr/lib/../lib64]
    arg [-L/home/andtokm/DiskS/Utils/bin/gcc-13.1/lib/gcc/x86_64-linux-gnu/13.1.0/../../..] ==> dir [/home/andtokm/DiskS/Utils/bin/gcc-13.1/lib/gcc/x86_64-linux-gnu/13.1.0/../../..]
    arg [CMakeFiles/cmTC_96442.dir/CMakeCXXCompilerABI.cpp.o] ==> ignore
    arg [-lstdc++] ==> lib [stdc++]
    arg [-lm] ==> lib [m]
    arg [-lgcc_s] ==> lib [gcc_s]
    arg [-lgcc] ==> lib [gcc]
    arg [-lc] ==> lib [c]
    arg [-lgcc_s] ==> lib [gcc_s]
    arg [-lgcc] ==> lib [gcc]
    arg [/home/andtokm/DiskS/Utils/bin/gcc-13.1/lib/gcc/x86_64-linux-gnu/13.1.0/crtend.o] ==> obj [/home/andtokm/DiskS/Utils/bin/gcc-13.1/lib/gcc/x86_64-linux-gnu/13.1.0/crtend.o]
    arg [/lib/x86_64-linux-gnu/crtn.o] ==> obj [/lib/x86_64-linux-gnu/crtn.o]
  collapse library dir [/home/andtokm/DiskS/Utils/bin/gcc-13.1/lib/gcc/x86_64-linux-gnu/13.1.0] ==> [/home/andtokm/DiskS/Utils/bin/gcc-13.1/lib/gcc/x86_64-linux-gnu/13.1.0]
  collapse library dir [/home/andtokm/DiskS/Utils/bin/gcc-13.1/lib/gcc/x86_64-linux-gnu/13.1.0/../../../../lib64] ==> [/home/andtokm/DiskS/Utils/bin/gcc-13.1/lib64]
  collapse library dir [/lib/x86_64-linux-gnu] ==> [/lib/x86_64-linux-gnu]
  collapse library dir [/lib/../lib64] ==> [/lib64]
  collapse library dir [/usr/lib/x86_64-linux-gnu] ==> [/usr/lib/x86_64-linux-gnu]
  collapse library dir [/usr/lib/../lib64] ==> [/usr/lib64]
  collapse library dir [/home/andtokm/DiskS/Utils/bin/gcc-13.1/lib/gcc/x86_64-linux-gnu/13.1.0/../../..] ==> [/home/andtokm/DiskS/Utils/bin/gcc-13.1/lib]
  implicit libs: [stdc++;m;gcc_s;gcc;c;gcc_s;gcc]
  implicit objs: [/lib/x86_64-linux-gnu/crt1.o;/lib/x86_64-linux-gnu/crti.o;/home/andtokm/DiskS/Utils/bin/gcc-13.1/lib/gcc/x86_64-linux-gnu/13.1.0/crtbegin.o;/home/andtokm/DiskS/Utils/bin/gcc-13.1/lib/gcc/x86_64-linux-gnu/13.1.0/crtend.o;/lib/x86_64-linux-gnu/crtn.o]
  implicit dirs: [/home/andtokm/DiskS/Utils/bin/gcc-13.1/lib/gcc/x86_64-linux-gnu/13.1.0;/home/andtokm/DiskS/Utils/bin/gcc-13.1/lib64;/lib/x86_64-linux-gnu;/lib64;/usr/lib/x86_64-linux-gnu;/usr/lib64;/home/andtokm/DiskS/Utils/bin/gcc-13.1/lib]
  implicit fwks: []


Determining if the function pthread_create exists in the pthread passed with the following output:
Change Dir: /home/andtokm/DiskS/ProjectsUbuntu/CppProjects/cmake-build-release-gcc13/CMakeFiles/CMakeScratch/TryCompile-1vrC6m

Run Build Command(s):/usr/bin/make -f Makefile cmTC_e5de1/fast && /usr/bin/make  -f CMakeFiles/cmTC_e5de1.dir/build.make CMakeFiles/cmTC_e5de1.dir/build
make[1]: Entering directory '/home/andtokm/DiskS/ProjectsUbuntu/CppProjects/cmake-build-release-gcc13/CMakeFiles/CMakeScratch/TryCompile-1vrC6m'
Building C object CMakeFiles/cmTC_e5de1.dir/CheckFunctionExists.c.o
/home/andtokm/DiskS/Utils/bin/gcc-13.1/bin/gcc-13.1   -DCHECK_FUNCTION_EXISTS=pthread_create -fdiagnostics-color=always -o CMakeFiles/cmTC_e5de1.dir/CheckFunctionExists.c.o -c /home/andtokm/DiskS/ProjectsUbuntu/CppProjects/cmake-build-release-gcc13/CMakeFiles/CMakeScratch/TryCompile-1vrC6m/CheckFunctionExists.c
Linking C executable cmTC_e5de1
/snap/clion/235/bin/cmake/linux/x64/bin/cmake -E cmake_link_script CMakeFiles/cmTC_e5de1.dir/link.txt --verbose=1
/home/andtokm/DiskS/Utils/bin/gcc-13.1/bin/gcc-13.1  -DCHECK_FUNCTION_EXISTS=pthread_create CMakeFiles/cmTC_e5de1.dir/CheckFunctionExists.c.o -o cmTC_e5de1  -lpthread 
make[1]: Leaving directory '/home/andtokm/DiskS/ProjectsUbuntu/CppProjects/cmake-build-release-gcc13/CMakeFiles/CMakeScratch/TryCompile-1vrC6m'



